// Jest Snapshot v1, https://goo.gl/fbAQLP

exports[`Currency details Check if it renders correctly 1`] = `
Array [
  <h3>
    Currency Displays
  </h3>,
  <div
    className="list-group"
    onKeyDown={[Function]}
  >
    <div
      className="list-group-item"
      data-rr-ui-event-key={null}
      onClick={[Function]}
    >
      <table
        className="table table-sm table-striped table-bordered table-hover"
      >
        <thead>
          <tr>
            <th>
              #
            </th>
            <th>
              Currency Details
            </th>
            <th>
              Figures as it stands
            </th>
          </tr>
        </thead>
        <tbody>
          <tr>
            <td>
              1
            </td>
            <td>
              Ticker
            </td>
            <td>
              EUR/USD
            </td>
          </tr>
          <tr>
            <td>
              2
            </td>
            <td>
              Bid
            </td>
            <td>
              0.98384
            </td>
          </tr>
          <tr>
            <td>
              3
            </td>
            <td>
              Ask
            </td>
            <td>
              0.98384
            </td>
          </tr>
          <tr>
            <td>
              4
            </td>
            <td>
              Open
            </td>
            <td>
              0.97861
            </td>
          </tr>
          <tr>
            <td>
              5
            </td>
            <td>
              Low
            </td>
            <td>
              0.97049
            </td>
          </tr>
          <tr>
            <td>
              6
            </td>
            <td>
              High
            </td>
            <td>
              0.98680
            </td>
          </tr>
          <tr>
            <td>
              7
            </td>
            <td>
              Change
            </td>
            <td />
          </tr>
          <tr>
            <td>
              8
            </td>
            <td>
              Date
            </td>
            <td>
              2022-10-21 14:33:05
            </td>
          </tr>
        </tbody>
      </table>
    </div>
    <div
      className="list-group-item"
      data-rr-ui-event-key={null}
      onClick={[Function]}
    >
      <table
        className="table table-sm table-striped table-bordered table-hover"
      >
        <thead>
          <tr>
            <th>
              #
            </th>
            <th>
              Currency Details
            </th>
            <th>
              Figures as it stands
            </th>
          </tr>
        </thead>
        <tbody>
          <tr>
            <td>
              1
            </td>
            <td>
              Ticker
            </td>
            <td>
              USD/JPY
            </td>
          </tr>
          <tr>
            <td>
              2
            </td>
            <td>
              Bid
            </td>
            <td>
              148.246
            </td>
          </tr>
          <tr>
            <td>
              3
            </td>
            <td>
              Ask
            </td>
            <td>
              148.246
            </td>
          </tr>
          <tr>
            <td>
              4
            </td>
            <td>
              Open
            </td>
            <td>
              150.152
            </td>
          </tr>
          <tr>
            <td>
              5
            </td>
            <td>
              Low
            </td>
            <td>
              146.183
            </td>
          </tr>
          <tr>
            <td>
              6
            </td>
            <td>
              High
            </td>
            <td>
              151.947
            </td>
          </tr>
          <tr>
            <td>
              7
            </td>
            <td>
              Change
            </td>
            <td />
          </tr>
          <tr>
            <td>
              8
            </td>
            <td>
              Date
            </td>
            <td>
              2022-10-21 14:33:05
            </td>
          </tr>
        </tbody>
      </table>
    </div>
  </div>,
]
`;
